
 Start  Stop   Length Name               Class

 00000H 04E7BH 04E7CH _TEXT              CODE
 04E7CH 062E5H 0146AH _DATA              DATA
 062E6H 07A25H 01740H _BSS               BSS


Detailed map of segments

 0000:0000 01FE C=CODE   S=_TEXT          G=DGROUP  M=START.ASM  ACBP=48
 0000:01FE 05DC C=CODE   S=_TEXT          G=DGROUP  M=DISPLAY    ACBP=28
 0000:07DA 0032 C=CODE   S=_TEXT          G=DGROUP  M=TEXT       ACBP=48
 0000:080C 00E2 C=CODE   S=_TEXT          G=DGROUP  M=CTEXT      ACBP=48
 0000:08EE 0169 C=CODE   S=_TEXT          G=DGROUP  M=STRING     ACBP=48
 0000:0A58 0081 C=CODE   S=_TEXT          G=DGROUP  M=MEM        ACBP=48
 0000:0ADA 0032 C=CODE   S=_TEXT          G=DGROUP  M=INT        ACBP=48
 0000:0B0C 0078 C=CODE   S=_TEXT          G=DGROUP  M=TIME       ACBP=28
 0000:0B84 002C C=CODE   S=_TEXT          G=DGROUP  M=FTOL       ACBP=48
 0000:0BB0 009D C=CODE   S=_TEXT          G=DGROUP  M=CPU        ACBP=48
 0000:0C4D 0066 C=CODE   S=_TEXT          G=DGROUP  M=CONTROL    ACBP=28
 0000:0CB3 033C C=CODE   S=_TEXT          G=DGROUP  M=MAU        ACBP=28
 0000:0FF0 0087 C=CODE   S=_TEXT          G=DGROUP  M=A20        ACBP=48
 0000:1078 0133 C=CODE   S=_TEXT          G=DGROUP  M=DETECT     ACBP=48
 0000:11AC 0187 C=CODE   S=_TEXT          G=DGROUP  M=SERINT     ACBP=48
 0000:1333 0275 C=CODE   S=_TEXT          G=DGROUP  M=LEVEL1     ACBP=28
 0000:15A8 0358 C=CODE   S=_TEXT          G=DGROUP  M=LEVEL2     ACBP=28
 0000:1900 0068 C=CODE   S=_TEXT          G=DGROUP  M=KEYBINT    ACBP=48
 0000:1968 008F C=CODE   S=_TEXT          G=DGROUP  M=CHATT      ACBP=28
 0000:19F7 02A5 C=CODE   S=_TEXT          G=DGROUP  M=SYSTEM     ACBP=28
 0000:1C9C 04BF C=CODE   S=_TEXT          G=DGROUP  M=MISC       ACBP=28
 0000:215B 0004 C=CODE   S=_TEXT          G=DGROUP  M=HALT       ACBP=28
 0000:215F 01F9 C=CODE   S=_TEXT          G=DGROUP  M=STATUS     ACBP=28
 0000:2358 0820 C=CODE   S=_TEXT          G=DGROUP  M=LINE       ACBP=28
 0000:2B78 0028 C=CODE   S=_TEXT          G=DGROUP  M=REBOOT     ACBP=28
 0000:2BA0 0052 C=CODE   S=_TEXT          G=DGROUP  M=NICK       ACBP=28
 0000:2BF2 00B1 C=CODE   S=_TEXT          G=DGROUP  M=HELP       ACBP=28
 0000:2CA3 00E7 C=CODE   S=_TEXT          G=DGROUP  M=DIR        ACBP=28
 0000:2D8A 00C9 C=CODE   S=_TEXT          G=DGROUP  M=MKDIR      ACBP=28
 0000:2E53 0112 C=CODE   S=_TEXT          G=DGROUP  M=READ       ACBP=28
 0000:2F65 00CD C=CODE   S=_TEXT          G=DGROUP  M=DELFILE    ACBP=28
 0000:3032 00CD C=CODE   S=_TEXT          G=DGROUP  M=DELDIR     ACBP=28
 0000:30FF 00B8 C=CODE   S=_TEXT          G=DGROUP  M=CD         ACBP=28
 0000:31B7 00A1 C=CODE   S=_TEXT          G=DGROUP  M=FORMAT     ACBP=28
 0000:3258 003F C=CODE   S=_TEXT          G=DGROUP  M=RUN        ACBP=28
 0000:3297 0042 C=CODE   S=_TEXT          G=DGROUP  M=DUMPKERN   ACBP=28
 0000:32D9 003A C=CODE   S=_TEXT          G=DGROUP  M=BIOSDISK   ACBP=28
 0000:3313 028E C=CODE   S=_TEXT          G=DGROUP  M=PHYSIC_I   ACBP=28
 0000:35A1 0FD8 C=CODE   S=_TEXT          G=DGROUP  M=LOGIC_IO   ACBP=28
 0000:4579 075A C=CODE   S=_TEXT          G=DGROUP  M=APP_IO     ACBP=28
 0000:4CD3 0170 C=CODE   S=_TEXT          G=DGROUP  M=PROCESS    ACBP=28
 0000:4E44 0038 C=CODE   S=_TEXT          G=DGROUP  M=PROCINT    ACBP=48
 0000:4E7C 005A C=DATA   S=_DATA          G=DGROUP  M=START.ASM  ACBP=48
 0000:4ED6 002E C=DATA   S=_DATA          G=DGROUP  M=DISPLAY    ACBP=48
 0000:4F04 0000 C=DATA   S=_DATA          G=DGROUP  M=TEXT       ACBP=48
 0000:4F04 0003 C=DATA   S=_DATA          G=DGROUP  M=CTEXT      ACBP=48
 0000:4F08 0010 C=DATA   S=_DATA          G=DGROUP  M=STRING     ACBP=48
 0000:4F18 0200 C=DATA   S=_DATA          G=DGROUP  M=MEM        ACBP=48
 0000:5118 0000 C=DATA   S=_DATA          G=DGROUP  M=INT        ACBP=48
 0000:5118 0008 C=DATA   S=_DATA          G=DGROUP  M=TIME       ACBP=48
 0000:5120 0000 C=DATA   S=_DATA          G=DGROUP  M=FTOL       ACBP=48
 0000:5120 0000 C=DATA   S=_DATA          G=DGROUP  M=CPU        ACBP=48
 0000:5120 0026 C=DATA   S=_DATA          G=DGROUP  M=CONTROL    ACBP=48
 0000:5146 00F1 C=DATA   S=_DATA          G=DGROUP  M=MAU        ACBP=48
 0000:5238 0000 C=DATA   S=_DATA          G=DGROUP  M=A20        ACBP=48
 0000:5238 0006 C=DATA   S=_DATA          G=DGROUP  M=DETECT     ACBP=48
 0000:523E 000C C=DATA   S=_DATA          G=DGROUP  M=SERINT     ACBP=48
 0000:524A 0095 C=DATA   S=_DATA          G=DGROUP  M=LEVEL1     ACBP=48
 0000:52E0 0075 C=DATA   S=_DATA          G=DGROUP  M=LEVEL2     ACBP=48
 0000:5356 0004 C=DATA   S=_DATA          G=DGROUP  M=KEYBINT    ACBP=48
 0000:535A 005E C=DATA   S=_DATA          G=DGROUP  M=CHATT      ACBP=48
 0000:53B8 013F C=DATA   S=_DATA          G=DGROUP  M=SYSTEM     ACBP=48
 0000:54F8 00C7 C=DATA   S=_DATA          G=DGROUP  M=MISC       ACBP=48
 0000:55C0 0000 C=DATA   S=_DATA          G=DGROUP  M=HALT       ACBP=48
 0000:55C0 00E3 C=DATA   S=_DATA          G=DGROUP  M=STATUS     ACBP=48
 0000:56A4 01C5 C=DATA   S=_DATA          G=DGROUP  M=LINE       ACBP=48
 0000:586A 0015 C=DATA   S=_DATA          G=DGROUP  M=REBOOT     ACBP=48
 0000:5880 002B C=DATA   S=_DATA          G=DGROUP  M=NICK       ACBP=48
 0000:58AC 0230 C=DATA   S=_DATA          G=DGROUP  M=HELP       ACBP=48
 0000:5ADC 0038 C=DATA   S=_DATA          G=DGROUP  M=DIR        ACBP=48
 0000:5B14 00BD C=DATA   S=_DATA          G=DGROUP  M=MKDIR      ACBP=48
 0000:5BD2 0088 C=DATA   S=_DATA          G=DGROUP  M=READ       ACBP=48
 0000:5C5A 00C5 C=DATA   S=_DATA          G=DGROUP  M=DELFILE    ACBP=48
 0000:5D20 00BF C=DATA   S=_DATA          G=DGROUP  M=DELDIR     ACBP=48
 0000:5DE0 0073 C=DATA   S=_DATA          G=DGROUP  M=CD         ACBP=48
 0000:5E54 00B6 C=DATA   S=_DATA          G=DGROUP  M=FORMAT     ACBP=48
 0000:5F0A 001B C=DATA   S=_DATA          G=DGROUP  M=RUN        ACBP=48
 0000:5F26 000B C=DATA   S=_DATA          G=DGROUP  M=DUMPKERN   ACBP=48
 0000:5F32 0000 C=DATA   S=_DATA          G=DGROUP  M=BIOSDISK   ACBP=48
 0000:5F32 00A2 C=DATA   S=_DATA          G=DGROUP  M=PHYSIC_I   ACBP=48
 0000:5FD4 026C C=DATA   S=_DATA          G=DGROUP  M=LOGIC_IO   ACBP=48
 0000:6240 0051 C=DATA   S=_DATA          G=DGROUP  M=APP_IO     ACBP=48
 0000:6292 0050 C=DATA   S=_DATA          G=DGROUP  M=PROCESS    ACBP=48
 0000:62E2 0004 C=DATA   S=_DATA          G=DGROUP  M=PROCINT    ACBP=48
 0000:62E6 0041 C=BSS    S=_BSS           G=DGROUP  M=CONTROL    ACBP=48
 0000:6328 0B2E C=BSS    S=_BSS           G=DGROUP  M=MAU        ACBP=48
 0000:6E56 023E C=BSS    S=_BSS           G=DGROUP  M=LEVEL1     ACBP=48
 0000:7094 0216 C=BSS    S=_BSS           G=DGROUP  M=LEVEL2     ACBP=48
 0000:72AA 0045 C=BSS    S=_BSS           G=DGROUP  M=SYSTEM     ACBP=48
 0000:72F0 0000 C=BSS    S=_BSS           G=DGROUP  M=BIOSDISK   ACBP=48
 0000:72F0 0004 C=BSS    S=_BSS           G=DGROUP  M=PHYSIC_I   ACBP=48
 0000:72F4 0606 C=BSS    S=_BSS           G=DGROUP  M=LOGIC_IO   ACBP=48
 0000:78FA 0118 C=BSS    S=_BSS           G=DGROUP  M=APP_IO     ACBP=48
 0000:7A12 0014 C=BSS    S=_BSS           G=DGROUP  M=PROCESS    ACBP=48

  Address         Publics by Name

 0000:0000 idle  FIARQQ
 0000:0000 idle  FICRQQ
 0000:0000  Abs  FIDRQQ
 0000:0000 idle  FIERQQ
 0000:0000 idle  FISRQQ
 0000:0000  Abs  FIWRQQ
 0000:0000 idle  FJARQQ
 0000:0000 idle  FJCRQQ
 0000:0000 idle  FJSRQQ
 0000:0B84       N_FTOL@
 0000:72AA idle  _ARGUMENT
 0000:0A2F idle  _ATOL
 0000:4F04 idle  _ATTRIBUTE
 0000:32D9       _BIOSDISK
 0000:72DD idle  _BPOINTER
 0000:6323 idle  _BRAND
 0000:62E6       _BRAND_STR
 0000:7094 idle  _BUF
 0000:72DF       _CFNAME
 0000:0673       _CGETS
 0000:0BB0       _CHECKBRAND
 0000:3818 idle  _CLEAR_BUFFER
 0000:0CB3 idle  _CLEAR_MEM
 0000:7058       _COM
 0000:178B       _COMGETID
 0000:176E       _COMGETNICK
 0000:18BA       _COMINIT
 0000:30FF       _COMMANDCD
 0000:3032       _COMMANDDELDIR
 0000:2F65       _COMMANDDELFILE
 0000:2CA3       _COMMANDDIR
 0000:3297       _COMMANDDUMPKERNEL
 0000:31B7       _COMMANDFORMAT
 0000:215B       _COMMANDHALT
 0000:2BF2       _COMMANDHELP
 0000:2358       _COMMANDLINE
 0000:2D8A       _COMMANDMKDIR
 0000:2BA0       _COMMANDNICK
 0000:2E53       _COMMANDREAD
 0000:2B78       _COMMANDREBOOT
 0000:3258       _COMMANDRUN
 0000:215F       _COMMANDSTATUS
 0000:15A8       _COMSCANBUF
 0000:180B idle  _COMSENDID
 0000:17A8       _COMSENDNICK
 0000:1858       _COMSENDROW
 0000:52E0       _COMSTATUS
 0000:1900       _CONACTIVE
 0000:199D       _CONCHATT
 0000:1968 idle  _CONDRAW_CHATT
 0000:19F7 idle  _CONDRAW_SYSTEM
 0000:16A9 idle  _CONGET_DATA
 0000:1C43       _CONSYSTEM
 0000:1AFA idle  _CONSYS_SCANBUF
 0000:4579 idle  _CONVERT_FN
 0000:0ED1       _CORELEFT
 0000:03DC       _CPRINTF
 0000:0BF4       _CPUPBRAND
 0000:0BCF       _CPUPVENDOR
 0000:089A       _CPUTCH
 0000:0C4D       _CPUTEST
 0000:083B       _CPUTS
 0000:6325 idle  _CPU_ID
 0000:4898       _CREATE_APP
 0000:39A7       _CREATE_LOG
 0000:5FD4 idle  _DATA
 0000:35A1       _DECODE_LP
 0000:45E7 idle  _DECONVERT_FN
 0000:12F6       _DEINITUART
 0000:10E6       _DETECTIRQ
 0000:1078       _DETECTUART
 0000:76FA       _DIR
 0000:1025       _DISABLEA20
 0000:42F0 idle  _DISKCAP_LOG
 0000:4CB3       _DISKDESTROYAPP
 0000:455E       _DISKDESTROYLOG
 0000:357A       _DISKDESTROYPHY
 0000:4C91       _DISKINITAPP
 0000:4541       _DISKINITLOG
 0000:352C       _DISKINITPHY
 0000:5252 idle  _DIVISOR
 0000:0FF0       _ENABLEA20
 0000:35E0 idle  _ENCODE_PP
 0000:4804       _FCLOSE_APP
 0000:485A idle  _FEOF_APP
 0000:4875 idle  _FGETPOS_APP
 0000:72F4 idle  _FILE
 0000:4C86       _FILECOUNT_APP
 0000:4422       _FILECOUNT_LOG
 0000:4BE1       _FILESIZE_APP
 0000:439C       _FILESIZE_LOG
 0000:35FB idle  _FIND_DB
 0000:36D9 idle  _FIND_FDB
 0000:366D idle  _FIND_FFIL
 0000:3618 idle  _FIND_FIN
 0000:472A       _FOPEN_APP
 0000:3885       _FORMAT_LOG
 0000:464E       _FREAD_APP
 0000:0E2F       _FREE
 0000:4E31       _FREEPROCESS
 0000:4242 idle  _FREESPACE_LOG
 0000:4887 idle  _FSETPOS_APP
 0000:46AB       _FWRITE_APP
 0000:1A29 idle  _GETARG
 0000:0805       _GETCHAR
 0000:4C35       _GETFNAME_APP
 0000:4462       _GETFNAME_LOG
 0000:49FD       _GETPATH_APP
 0000:05BA idle  _GETS
 0000:3415 idle  _GETSPT
 0000:3840       _GET_INODE
 0000:080C idle  _GOTOXY
 0000:01AA       _HALT
 0000:53B8       _HAVETO_DRAW
 0000:535A idle  _HAVE_TO_SEND
 0000:74FA       _IN
 0000:12D0       _INITUART
 0000:078C idle  _ISDELIM
 0000:07C3       _ISWHITE
 0000:096E       _ITOA
 0000:193A       _KEYBSET_INT
 0000:4CD3       _LOADPROCESS
 0000:1AC2 idle  _LOOKCOMMAND
 0000:0190       _MAIN_LOOP
 0000:0D47       _MALLOC
 0000:0FBA       _MAUDESTROY
 0000:0EFC       _MAUINIT
 0000:632C idle  _MAX_ITEMS
 0000:4ED0       _MEM
 0000:0ABD       _MEMCMP
 0000:0A58       _MEMCPY
 0000:0A74       _MEMMOVE
 0000:0AA3       _MEMSET
 0000:6328 idle  _MEMSTART
 0000:729F       _MYNICK
 0000:79F9 idle  _OLDPATH
 0000:7A11       _PATH
 0000:7056       _PORT
 0000:1333 idle  _PORTINFO
 0000:524A       _PORTS
 0000:74F4       _PP
 0000:01CC idle  _PRINT
 0000:1CBA       _PRINTBPS
 0000:01FE idle  _PRINTF
 0000:1E0E       _PRINTLINE_PARAMS
 0000:4E4E       _PROCSET_INT
 0000:7A12 idle  _PROC_ADDR
 0000:07F5       _PUTCH
 0000:07DA       _PUTS
 0000:4098       _READ_LOG
 0000:3313       _READ_PHY
 0000:48E4       _REMOVE_APP
 0000:3B97       _REMOVE_LOG
 0000:4E01 idle  _RUNPROCESS
 0000:3732       _SEARCH_FILE
 0000:0CD7 idle  _SEARCH_MEM
 0000:72F0       _SECT_COUNT
 0000:6E56       _SERBUF
 0000:14AB       _SERINIT
 0000:11AC       _SERINT
 0000:1418       _SERSEND_DATA
 0000:13A7       _SERSETINT
 0000:128C       _SERTX
 0000:145A       _SERUART_SET
 0000:0ADA       _SETINT
 0000:492C       _SETPATH_APP
 0000:72F2       _SPT_FDD
 0000:7294       _STRANGERNICK
 0000:0923 idle  _STRCAT
 0000:0949       _STRCHR
 0000:09C5       _STRCMP
 0000:0905       _STRCPY
 0000:09EE idle  _STRICMP
 0000:08EE       _STRLEN
 0000:53BA idle  _SYS_TABLE
 0000:08E2       _TEXTATTR
 0000:0B0C       _TIME
 0000:0763 idle  _TOLOWER
 0000:073A       _TOUPPER
 0000:1C9C       _USER_INPUT
 0000:6316       _VENDOR_STR
 0000:33BF idle  _VERIFY_PHY
 0000:081E idle  _WHEREXY
 0000:3E6C       _WRITE_LOG
 0000:3369       _WRITE_PHY

  Address         Publics by Value

 0000:0000  Abs  FIDRQQ
 0000:0000  Abs  FIWRQQ
 0000:0000 idle  FIARQQ
 0000:0000 idle  FICRQQ
 0000:0000 idle  FISRQQ
 0000:0000 idle  FIERQQ
 0000:0000 idle  FJARQQ
 0000:0000 idle  FJCRQQ
 0000:0000 idle  FJSRQQ
 0000:0190       _MAIN_LOOP
 0000:01AA       _HALT
 0000:01CC idle  _PRINT
 0000:01FE idle  _PRINTF
 0000:03DC       _CPRINTF
 0000:05BA idle  _GETS
 0000:0673       _CGETS
 0000:073A       _TOUPPER
 0000:0763 idle  _TOLOWER
 0000:078C idle  _ISDELIM
 0000:07C3       _ISWHITE
 0000:07DA       _PUTS
 0000:07F5       _PUTCH
 0000:0805       _GETCHAR
 0000:080C idle  _GOTOXY
 0000:081E idle  _WHEREXY
 0000:083B       _CPUTS
 0000:089A       _CPUTCH
 0000:08E2       _TEXTATTR
 0000:08EE       _STRLEN
 0000:0905       _STRCPY
 0000:0923 idle  _STRCAT
 0000:0949       _STRCHR
 0000:096E       _ITOA
 0000:09C5       _STRCMP
 0000:09EE idle  _STRICMP
 0000:0A2F idle  _ATOL
 0000:0A58       _MEMCPY
 0000:0A74       _MEMMOVE
 0000:0AA3       _MEMSET
 0000:0ABD       _MEMCMP
 0000:0ADA       _SETINT
 0000:0B0C       _TIME
 0000:0B84       N_FTOL@
 0000:0BB0       _CHECKBRAND
 0000:0BCF       _CPUPVENDOR
 0000:0BF4       _CPUPBRAND
 0000:0C4D       _CPUTEST
 0000:0CB3 idle  _CLEAR_MEM
 0000:0CD7 idle  _SEARCH_MEM
 0000:0D47       _MALLOC
 0000:0E2F       _FREE
 0000:0ED1       _CORELEFT
 0000:0EFC       _MAUINIT
 0000:0FBA       _MAUDESTROY
 0000:0FF0       _ENABLEA20
 0000:1025       _DISABLEA20
 0000:1078       _DETECTUART
 0000:10E6       _DETECTIRQ
 0000:11AC       _SERINT
 0000:128C       _SERTX
 0000:12D0       _INITUART
 0000:12F6       _DEINITUART
 0000:1333 idle  _PORTINFO
 0000:13A7       _SERSETINT
 0000:1418       _SERSEND_DATA
 0000:145A       _SERUART_SET
 0000:14AB       _SERINIT
 0000:15A8       _COMSCANBUF
 0000:16A9 idle  _CONGET_DATA
 0000:176E       _COMGETNICK
 0000:178B       _COMGETID
 0000:17A8       _COMSENDNICK
 0000:180B idle  _COMSENDID
 0000:1858       _COMSENDROW
 0000:18BA       _COMINIT
 0000:1900       _CONACTIVE
 0000:193A       _KEYBSET_INT
 0000:1968 idle  _CONDRAW_CHATT
 0000:199D       _CONCHATT
 0000:19F7 idle  _CONDRAW_SYSTEM
 0000:1A29 idle  _GETARG
 0000:1AC2 idle  _LOOKCOMMAND
 0000:1AFA idle  _CONSYS_SCANBUF
 0000:1C43       _CONSYSTEM
 0000:1C9C       _USER_INPUT
 0000:1CBA       _PRINTBPS
 0000:1E0E       _PRINTLINE_PARAMS
 0000:215B       _COMMANDHALT
 0000:215F       _COMMANDSTATUS
 0000:2358       _COMMANDLINE
 0000:2B78       _COMMANDREBOOT
 0000:2BA0       _COMMANDNICK
 0000:2BF2       _COMMANDHELP
 0000:2CA3       _COMMANDDIR
 0000:2D8A       _COMMANDMKDIR
 0000:2E53       _COMMANDREAD
 0000:2F65       _COMMANDDELFILE
 0000:3032       _COMMANDDELDIR
 0000:30FF       _COMMANDCD
 0000:31B7       _COMMANDFORMAT
 0000:3258       _COMMANDRUN
 0000:3297       _COMMANDDUMPKERNEL
 0000:32D9       _BIOSDISK
 0000:3313       _READ_PHY
 0000:3369       _WRITE_PHY
 0000:33BF idle  _VERIFY_PHY
 0000:3415 idle  _GETSPT
 0000:352C       _DISKINITPHY
 0000:357A       _DISKDESTROYPHY
 0000:35A1       _DECODE_LP
 0000:35E0 idle  _ENCODE_PP
 0000:35FB idle  _FIND_DB
 0000:3618 idle  _FIND_FIN
 0000:366D idle  _FIND_FFIL
 0000:36D9 idle  _FIND_FDB
 0000:3732       _SEARCH_FILE
 0000:3818 idle  _CLEAR_BUFFER
 0000:3840       _GET_INODE
 0000:3885       _FORMAT_LOG
 0000:39A7       _CREATE_LOG
 0000:3B97       _REMOVE_LOG
 0000:3E6C       _WRITE_LOG
 0000:4098       _READ_LOG
 0000:4242 idle  _FREESPACE_LOG
 0000:42F0 idle  _DISKCAP_LOG
 0000:439C       _FILESIZE_LOG
 0000:4422       _FILECOUNT_LOG
 0000:4462       _GETFNAME_LOG
 0000:4541       _DISKINITLOG
 0000:455E       _DISKDESTROYLOG
 0000:4579 idle  _CONVERT_FN
 0000:45E7 idle  _DECONVERT_FN
 0000:464E       _FREAD_APP
 0000:46AB       _FWRITE_APP
 0000:472A       _FOPEN_APP
 0000:4804       _FCLOSE_APP
 0000:485A idle  _FEOF_APP
 0000:4875 idle  _FGETPOS_APP
 0000:4887 idle  _FSETPOS_APP
 0000:4898       _CREATE_APP
 0000:48E4       _REMOVE_APP
 0000:492C       _SETPATH_APP
 0000:49FD       _GETPATH_APP
 0000:4BE1       _FILESIZE_APP
 0000:4C35       _GETFNAME_APP
 0000:4C86       _FILECOUNT_APP
 0000:4C91       _DISKINITAPP
 0000:4CB3       _DISKDESTROYAPP
 0000:4CD3       _LOADPROCESS
 0000:4E01 idle  _RUNPROCESS
 0000:4E31       _FREEPROCESS
 0000:4E4E       _PROCSET_INT
 0000:4ED0       _MEM
 0000:4F04 idle  _ATTRIBUTE
 0000:524A       _PORTS
 0000:5252 idle  _DIVISOR
 0000:52E0       _COMSTATUS
 0000:535A idle  _HAVE_TO_SEND
 0000:53B8       _HAVETO_DRAW
 0000:53BA idle  _SYS_TABLE
 0000:5FD4 idle  _DATA
 0000:62E6       _BRAND_STR
 0000:6316       _VENDOR_STR
 0000:6323 idle  _BRAND
 0000:6325 idle  _CPU_ID
 0000:6328 idle  _MEMSTART
 0000:632C idle  _MAX_ITEMS
 0000:6E56       _SERBUF
 0000:7056       _PORT
 0000:7058       _COM
 0000:7094 idle  _BUF
 0000:7294       _STRANGERNICK
 0000:729F       _MYNICK
 0000:72AA idle  _ARGUMENT
 0000:72DD idle  _BPOINTER
 0000:72DF       _CFNAME
 0000:72F0       _SECT_COUNT
 0000:72F2       _SPT_FDD
 0000:72F4 idle  _FILE
 0000:74F4       _PP
 0000:74FA       _IN
 0000:76FA       _DIR
 0000:79F9 idle  _OLDPATH
 0000:7A11       _PATH
 0000:7A12 idle  _PROC_ADDR


